// Jest Snapshot v1, https://goo.gl/fbAQLP

exports[`Error renders matching snapshot 1`] = `
<DocumentFragment>
  .c0 {
  display: -webkit-box;
  display: -webkit-flex;
  display: -ms-flexbox;
  display: flex;
  -webkit-align-items: baseline;
  -webkit-box-align: baseline;
  -ms-flex-align: baseline;
  align-items: baseline;
}

.c1 {
  -webkit-box-flex: 1;
  -webkit-flex-grow: 1;
  -ms-flex-positive: 1;
  flex-grow: 1;
  font-size: 40px;
  line-height: 1.25;
  overflow-wrap: break-word;
  padding-top: 24px;
  width: 0px;
}

<div
    class="c0"
  >
    <h1
      aria-live="polite"
      class="c1"
    >
      Error
    </h1>
  </div>
  <h2>
    Insufficient Permissions
  </h2>
  <br />
  <p>
    Please contact your administrator
  </p>
</DocumentFragment>
`;
