// Jest Snapshot v1, https://goo.gl/fbAQLP

exports[`withUrql renders matching snapshot 1`] = `
<DocumentFragment>
  <p>
    Loading...
  </p>
</DocumentFragment>
`;
